// Vitest Snapshot v1, https://vitest.dev/guide/snapshot.html

exports[`parseJSONTokenTree > should parse a token tree of raw values of all types 1`] = `
[
  {
    "id": "ID",
    "path": [
      "borderToken",
    ],
    "type": "border",
    "value": {
      "raw": {
        "color": "#676767",
        "style": "solid",
        "width": "1px",
      },
      "toReferences": [],
    },
  },
  {
    "id": "ID",
    "path": [
      "colorToken",
    ],
    "type": "color",
    "value": {
      "raw": "#a82222",
      "toReferences": [],
    },
  },
  {
    "id": "ID",
    "path": [
      "cubicBezierToken",
    ],
    "type": "cubicBezier",
    "value": {
      "raw": [
        0,
        1,
        1,
        0,
      ],
      "toReferences": [],
    },
  },
  {
    "id": "ID",
    "path": [
      "dimensionToken",
    ],
    "type": "dimension",
    "value": {
      "raw": "12px",
      "toReferences": [],
    },
  },
  {
    "id": "ID",
    "path": [
      "durationToken",
    ],
    "type": "duration",
    "value": {
      "raw": "1ms",
      "toReferences": [],
    },
  },
  {
    "id": "ID",
    "path": [
      "fontFamilyToken",
    ],
    "type": "fontFamily",
    "value": {
      "raw": "Arial",
      "toReferences": [],
    },
  },
  {
    "id": "ID",
    "path": [
      "stringFontWeightToken",
    ],
    "type": "fontWeight",
    "value": {
      "raw": "bold",
      "toReferences": [],
    },
  },
  {
    "id": "ID",
    "path": [
      "numberFontWeightToken",
    ],
    "type": "fontWeight",
    "value": {
      "raw": 700,
      "toReferences": [],
    },
  },
  {
    "id": "ID",
    "path": [
      "gradientToken",
    ],
    "type": "gradient",
    "value": {
      "raw": [
        {
          "color": "#000000",
          "position": 0,
        },
        {
          "color": "#ffffff",
          "position": 1,
        },
      ],
      "toReferences": [],
    },
  },
  {
    "id": "ID",
    "path": [
      "numberToken",
    ],
    "type": "number",
    "value": {
      "raw": 12,
      "toReferences": [],
    },
  },
  {
    "id": "ID",
    "path": [
      "shadowToken",
    ],
    "type": "shadow",
    "value": {
      "raw": {
        "blur": "3px",
        "color": "#000000",
        "offsetX": "1px",
        "offsetY": "2px",
        "spread": "4px",
      },
      "toReferences": [],
    },
  },
  {
    "id": "ID",
    "path": [
      "strokeStyleToken",
    ],
    "type": "strokeStyle",
    "value": {
      "raw": "solid",
      "toReferences": [],
    },
  },
  {
    "id": "ID",
    "path": [
      "transitionToken",
    ],
    "type": "transition",
    "value": {
      "raw": {
        "delay": "0ms",
        "duration": "100ms",
        "timingFunction": [
          0,
          0.1,
          0.7,
          0.5,
        ],
      },
      "toReferences": [],
    },
  },
  {
    "id": "ID",
    "path": [
      "typographyToken",
    ],
    "type": "typography",
    "value": {
      "raw": {
        "fontFamily": "Arial",
        "fontSize": "12px",
        "fontWeight": "bold",
        "letterSpacing": "1px",
        "lineHeight": 1.5,
      },
      "toReferences": [],
    },
  },
]
`;
